// Jest Snapshot v1, https://goo.gl/fbAQLP

exports[`<Media /> Component Rendering UI Renders correctly 1`] = `
<ContextConsumer>
  <Component />
</ContextConsumer>
`;
