// Jest Snapshot v1, https://goo.gl/fbAQLP

exports[`<Popup /> Component Rendering UI. Renders correctly. 1`] = `
<ContextConsumer>
  <Component />
</ContextConsumer>
`;
