// Jest Snapshot v1, https://goo.gl/fbAQLP

exports[`<Fade /> Component Renders correctly 1`] = `""`;
